// Jest Snapshot v1, https://goo.gl/fbAQLP

exports[`Redux components Redux components for state object should work correctly 1`] = `
Object {
  "a": Object {
    "Array_push": [Function],
    "Array_remove": [Function],
    "Array_replace": [Function],
    "Array_unshift": [Function],
    "Delete": Object {
      "type": "PREFIX_delete_a",
    },
    "Set": [Function],
  },
  "b": Object {
    "Boolean_set_false": Object {
      "type": "PREFIX_boolean_set_false_b",
    },
    "Boolean_set_true": Object {
      "type": "PREFIX_boolean_set_true_b",
    },
    "Boolean_toggle": Object {
      "type": "PREFIX_boolean_toggle_b",
    },
    "Delete": Object {
      "type": "PREFIX_delete_b",
    },
    "Set": [Function],
  },
  "c": Object {
    "Delete": Object {
      "type": "PREFIX_delete_c",
    },
    "Object_delete_property": [Function],
    "Object_merge_property": [Function],
    "Object_set_property": [Function],
    "Set": [Function],
  },
  "d": Object {
    "Delete": Object {
      "type": "PREFIX_delete_d",
    },
    "Set": [Function],
  },
  "e": Object {
    "Delete": Object {
      "type": "PREFIX_delete_e",
    },
    "Set": [Function],
  },
  "f": Object {
    "Delete": Object {
      "type": "PREFIX_delete_f",
    },
    "Object_delete_property": [Function],
    "Object_merge_property": [Function],
    "Object_set_property": [Function],
    "Set": [Function],
  },
  "g": Object {
    "Boolean_set_false": Object {
      "type": "PREFIX_boolean_set_false_g",
    },
    "Boolean_set_true": Object {
      "type": "PREFIX_boolean_set_true_g",
    },
    "Boolean_toggle": Object {
      "type": "PREFIX_boolean_toggle_g",
    },
    "Delete": Object {
      "type": "PREFIX_delete_g",
    },
    "Set": [Function],
  },
  "h": Object {
    "Array_push": [Function],
    "Array_remove": [Function],
    "Array_replace": [Function],
    "Array_unshift": [Function],
    "Delete": Object {
      "type": "PREFIX_delete_h",
    },
    "Set": [Function],
  },
  "i": Object {
    "Delete": Object {
      "type": "PREFIX_delete_i",
    },
    "Object_delete_property": [Function],
    "Object_merge_property": [Function],
    "Object_set_property": [Function],
    "Set": [Function],
  },
  "j": Object {
    "Boolean_set_false": Object {
      "type": "PREFIX_boolean_set_false_j",
    },
    "Boolean_set_true": Object {
      "type": "PREFIX_boolean_set_true_j",
    },
    "Boolean_toggle": Object {
      "type": "PREFIX_boolean_toggle_j",
    },
    "Delete": Object {
      "type": "PREFIX_delete_j",
    },
    "Set": [Function],
  },
}
`;
